contents: |
  -----BEGIN CERTIFICATE-----
  MIIC2DCCAcCgAwIBAgIRALJXAkVj964tq67wMSI8oJQwDQYJKoZIhvcNAQELBQAw
  FTETMBEGA1UEAxMKa3ViZXJuZXRlczAeFw0xNzEyMjcyMzUyNDBaFw0yNzEyMjcy
  MzUyNDBaMBUxEzARBgNVBAMTCmt1YmVybmV0ZXMwggEiMA0GCSqGSIb3DQEBAQUA
  A4IBDwAwggEKAoIBAQDgnCkSmtnmfxEgS3qNPaUCH5QOBGDH/inHbWCODLBCK9gd
  XEcBl7FVv8T2kFr1DYb0HVDtMI7tixRVFDLgkwNlW34xwWdZXB7GeoFgU1xWOQSY
  OACC8JgYTQ/139HBEvgq4sej67p+/s/SNcw34Kk7HIuFhlk1rRk5kMexKIlJBKP1
  YYUYetsJ/QpUOkqJ5HW4GoetE76YtHnORfYvnybviSMrh2wGGaN6r/s4ChOaIbZC
  An8/YiPKGIDaZGpj6GXnmXARRX/TIdgSQkLwt0aTDBnPZ4XvtpI8aaL8DYJIqAzA
  NPH2b4/uNylat5jDo0b0G54agMi97+2AUrC9UUXpAgMBAAGjIzAhMA4GA1UdDwEB
  /wQEAwIBBjAPBgNVHRMBAf8EBTADAQH/MA0GCSqGSIb3DQEBCwUAA4IBAQBVGR2r
  hzXzRMU5wriPQAJScszNORvoBpXfZoZ09FIupudFxBVU3d4hV9StKnQgPSGA5XQO
  HE97+BxJDuA/rB5oBUsMBjc7y1cde/T6hmi3rLoEYBSnSudCOXJE4G9/0f8byAJe
  rN8+No1r2VgZvZh6p74TEkXv/l3HBPWM7IdUV0HO9JDhSgOVF1fyQKJxRuLJR8jt
  O6mPH2UX0vMwVa4jvwtkddqk2OAdYQvH9rbDjjbzaiW0KnmdueRo92KHAN7BsDZy
  VpXHpqo1Kzg7D3fpaXCf5si7lqqrdJVXH4JC72zxsPehqgi8eIuqOBkiDWmRxAxh
  8yGeRx9AbknHh4Ia
  -----END CERTIFICATE-----
  -----BEGIN CERTIFICATE-----
  MIIBZzCCARGgAwIBAgIBBDANBgkqhkiG9w0BAQsFADAaMRgwFgYDVQQDEw9zZXJ2
  aWNlLWFjY291bnQwHhcNMjEwNTAyMjAzMjE3WhcNMzEwNTAyMjAzMjE3WjAaMRgw
  FgYDVQQDEw9zZXJ2aWNlLWFjY291bnQwXDANBgkqhkiG9w0BAQEFAANLADBIAkEA
  o4Tridlsf4Yz3UAiup/scSTiG/OqxkUW3Fz7zGKvVcLeYj9GEIKuzoB1VFk1nboD
  q4cCuGLfdzaQdCQKPIsDuwIDAQABo0IwQDAOBgNVHQ8BAf8EBAMCAQYwDwYDVR0T
  AQH/BAUwAwEB/zAdBgNVHQ4EFgQUhPbxEmUbwVOCa+fZgxreFhf67UEwDQYJKoZI
  hvcNAQELBQADQQALMsyK2Q7C/bk27eCvXyZKUfrLvor10hEjwGhv14zsKWDeTj/J
  A1LPYp7U9VtFfgFOkVbkLE9Rstc0ltNrPqxA
  -----END CERTIFICATE-----
mode: "0600"
path: /srv/kubernetes/ca.crt
type: file
